<html>
<body>
<pre>
<h1>µVision Build Log</h1>
<h2>Project:</h2>
C:\Users\User\Desktop\project\lpc2148-project\project.uvproj
Project File Date:  11/19/2023

<h2>Output:</h2>
Rebuild target 'Target 1'
assembling Startup.s...
compiling boot.c...
compiling card.c...
card.c(36): warning:  #68-D: integer conversion resulted in a change of sign
compiling SPI.c...
compiling interrupts.c...
linking...
Program Size: Code=532 RO-data=16 RW-data=0 ZI-data=1256  
FromELF: creating hex file...
".\Objects\project.axf" - 0 Error(s), 1 Warning(s).
