<html>
<body>
<pre>
<h1>µVision Build Log</h1>
<h2>Tool Versions:</h2>
IDE-Version: µVision V5.25.2.0
Copyright (C) 2018 ARM Ltd and ARM Germany GmbH. All rights reserved.
License Information: 1111 1111, 1111, LIC=----
 
Tool Versions:
Toolchain:       MDK-Lite  Version: 5.25.2.0
Toolchain Path:  C:\Keil_v5\ARM\ARMCC\Bin
C Compiler:      Armcc.exe V5.06 update 6 (build 750)
Assembler:       Armasm.exe V5.06 update 6 (build 750)
Linker/Locator:  ArmLink.exe V5.06 update 6 (build 750)
Library Manager: ArmAr.exe V5.06 update 6 (build 750)
Hex Converter:   FromElf.exe V5.06 update 6 (build 750)
CPU DLL:         SARM.DLL V5.25.2.0
Dialog DLL:      DARMP.DLL V1.53.0.0
Target DLL:      UL2ARM.DLL V1.74.10.0
Dialog DLL:      TARMP.DLL V1.53.0.0
 
<h2>Project:</h2>
C:\Users\USER\Desktop\Batch B\112007031\lpc2148-project\project.uvproj
Project File Date:  11/23/2023

<h2>Output:</h2>
*** Using Compiler 'V5.06 update 6 (build 750)', folder: 'C:\Keil_v5\ARM\ARMCC\Bin'
Rebuild target 'Target 1'
compiling uart.c...
assembling Startup.s...
compiling boot.c...
compiling interrupts.c...
compiling kernel.c...
compiling SPI.c...
compiling card.c...
card.c(37): warning:  #68-D: integer conversion resulted in a change of sign
  	IODIR0 &= ~CD;										   	//CD pin as input
card.c: 1 warning, 0 errors
linking...
Program Size: Code=4512 RO-data=92 RW-data=68 ZI-data=4980  
FromELF: creating hex file...
".\Objects\project.axf" - 0 Error(s), 1 Warning(s).
Build Time Elapsed:  00:00:00
</pre>
</body>
</html>
